Event[1] name(Root)
Manager[0] state(0) parent(1)
State[0] name(Main Menu) parent(0)
Node[1] parent(0)
Node[11] parent(0)
State[1] name(Play) parent(0)
Node[2] parent(1)
Node[3] parent(1)
Node[12] parent(1)
State[2] name(Look around) parent(0)
Node[4] parent(2)
Node[5] parent(2)
Node[13] parent(2)
State[3] name(Panic) parent(0)
Node[14] parent(3)
State[4] name(Look at the map) parent(0)
Node[5] parent(4)
Node[15] parent(4)
State[5] name(Open the door) parent(0)
Node[6] parent(5)
Node[7] parent(5)
Node[8] parent(5)
Node[16] parent(5)
State[6] name(Look around) parent(0)
Node[7] parent(6)
Node[8] parent(6)
Node[17] parent(6)
State[7] name(Left) parent(0)
Node[18] parent(7)
State[8] name(Right) parent(0)
Node[19] parent(8)